
> client@0.1.0 build
> next build

Γû▓ Next.js 16.1.1 (Turbopack)
- Environments: .env.local

npm : ΓÜá The "middleware" file convention is deprecated. Please use "proxy" 
instead. Learn more: https://nextjs.org/docs/messages/middleware-to-proxy
At line:1 char:1
+ npm run build 2>&1 > build_output.txt ; echo "Build completed" ; grep ...
+ ~~~~~~~~~~~~~~~~~~~~~~~~~~~~~~~~~~~~~
    + CategoryInfo          : NotSpecified: (ΓÜá The "middle...leware-to-proxy 
   :String) [], RemoteException
    + FullyQualifiedErrorId : NativeCommandError
 
  Creating an optimized production build ...
Γ£ô Compiled successfully in 4.0s
  Running TypeScript ...
  Collecting page data using 11 workers ...
  Generating static pages using 11 workers (0/59) ...
  Generating static pages using 11 workers (14/59) 
  Generating static pages using 11 workers (29/59) 
  Generating static pages using 11 workers (44/59) 
Γ£ô Generating static pages using 11 workers (59/59) in 470.7ms
  Finalizing page optimization ...

Route (app)
Γöî Γùï /_not-found
Γö£ ╞Æ /[locale]
Γö£ ╞Æ /[locale]/about
Γö£ ╞Æ /[locale]/add-works
Γö£ ╞Æ /[locale]/business
Γö£ ╞Æ /[locale]/create-account
Γö£ ╞Æ /[locale]/create-account/verify
Γö£ ╞Æ /[locale]/dashboard
Γö£ ╞Æ /[locale]/dashboard/contractor
Γö£ ╞Æ /[locale]/dashboard/contractor/[jobId]
Γö£ ╞Æ /[locale]/dashboard/contractor/projects
Γö£ ╞Æ /[locale]/dashboard/worker
Γö£ ╞Æ /[locale]/find-work
Γö£ ╞Æ /[locale]/forgot-password
Γö£ ╞Æ /[locale]/help-support
Γö£ ╞Æ /[locale]/helpers
Γö£ ╞Æ /[locale]/login
Γö£ ╞Æ /[locale]/profile
Γö£ ╞Æ /[locale]/shops
Γö£ ╞Æ /[locale]/user
Γö£ ╞Æ /api/jobs
Γöö Γùï /verify-phone


╞Æ Proxy (Middleware)

Γùï  (Static)   prerendered as static content
╞Æ  (Dynamic)  server-rendered on demand

